
> skillbridge-frontend@0.1.0 build
> next build

  Γû▓ Next.js 14.2.35

   Creating an optimized production build ...
 Γ£ô Compiled successfully
   Linting and checking validity of types ...
   Collecting page data ...
   Generating static pages (0/9) ...
   Generating static pages (2/9) 
   Generating static pages (4/9) 
   Generating static pages (6/9) 
 Γ£ô Generating static pages (9/9)
   Finalizing page optimization ...
   Collecting build traces ...

Route (app)                              Size     First Load JS
Γöî Γùï /                                    1.1 kB          117 kB
Γö£ Γùï /_not-found                          873 B          88.2 kB
Γö£ Γùï /challenges                          1.92 kB         118 kB
Γö£ ╞Æ /challenges/[id]                     2.23 kB         118 kB
Γö£ Γùï /challenges/new                      2.1 kB          118 kB
Γö£ Γùï /login                               1.47 kB         118 kB
Γö£ Γùï /portfolio                           1.76 kB         118 kB
Γö£ Γùï /register                            1.76 kB         118 kB
Γöö ╞Æ /report/[id]                         94.3 kB         210 kB
+ First Load JS shared by all            87.4 kB
  Γö£ chunks/117-ed7da580834c79e5.js       31.7 kB
  Γö£ chunks/fd9d1056-4c75b1452d6f8216.js  53.6 kB
  Γöö other shared chunks (total)          2 kB


Γùï  (Static)   prerendered as static content
╞Æ  (Dynamic)  server-rendered on demand

